<p>How about some scratch: <code class="scratch-inline">when flag clicked</code></p>
