<p>Lipsum Lorem <code class="scratch-block">say [Hello] for (2) secs</code> ipsem.</p>
