<p>How about some scratch: <code class="scratch-block">say [Hello]</code> which is the same as the python expression: <code>print('Hello')</code></p>
