<p>How about some scratch: <code class="scratch-block">say [Hello] for (2) secs</code> which will lead into the expression <code class="scratch-block">when flag clicked</code> which causes the avatar to <code class="scratch-block">turn ccw (9) degrees</code>.</p>
