<p>Check out this <a href="https://en.wikipedia.org/wiki/Entropy_(information_theory)" target="_blank">website</a>.</p>
