<p>Check out this <a href="ftp://ftp.fakesite.org:21" target="_blank">website</a>.</p>
