<p>Check out this <a href="ftp/item.html">item</a>.</p>
