<p>Check out this <a href="ftps/item.html">item</a>.</p>
