<p>Check out this <a href="ftps://ftp.fakesite.org:21" target="_blank">website</a>.</p>
