<p>Check out this <a href="https.html">website</a>.</p>
