<p>Check out this <a href="http.html">website</a>.</p>
