<p>Check out this <a href="http://www.google.com" target="_blank">website</a>.</p>
