<p>Check out this <a href="https://www.google.com/binary/" target="_blank">website</a>.</p>
