<p>Check out this <a href="mailto.html">page</a>.</p>
