<p>Check out this <a href="mailto:bob@example.com" target="_blank">email</a>.</p>
