<p>Check out this <a href="https://www.google.com?key1=value1&amp;key2=value2" target="_blank">website</a>.</p>
