<p>This is the <a href="https://www.link1.com" target="_blank">first link</a> and this is the <a href="https://www.link2.com" target="_blank">second link</a>.</p>
<p>This is the <a href="https://www.link3.com" target="_blank">third link</a>.</p>
