<p>Check out this <a href="news://feed.news.com" target="_blank">news</a>.</p>
