<p>Check out this <a href="https://www.google.com?key=value" target="_blank">website</a>.</p>
