<p>Check out this <a href="https://www.google.com?" target="_blank">website</a>.</p>
