<p>Check out this <a href="www.google.com">website</a>.</p>
