<pre><code class="scratch-example">
when flag clicked
say [Hi]
</code></pre>
