<p>Scratch is great for kids you can create simple code like:</p>
<pre class="scratch-blocks"><code>when flag clicked
say [Hi]</code></pre>
<p>Which then easily builds into:</p>
<pre class="scratch-blocks"><code>when flag clicked
say [Hi]
move (foo) steps
turn ccw (9) degrees</code></pre>
<p>Finally they can create complex code like so:</p>
<pre class="scratch-blocks"><code>when flag clicked
clear
forever
pen down

if &lt;&lt;mouse down?&gt; and &lt;touching [mouse-pointer v]?&gt;&gt; then
switch costume to [button v]
else
add (x position) to [list v]
end

move (foo) steps
turn ccw (9) degrees</code></pre>
